Testing email connection...
User: vk1447534@gmail.com
Pass: ********
Γ£à Email sent successfully: <0db007f6-53b8-8496-582a-633395b38770@gmail.com>
